2026-04-29 11:34:37.617 [main] INFO  com.rs.mv.mvvs.Startup - [LSP:100101]ROCKET MV BASIC EXTENSION to start
2026-04-29 11:34:37.648 [main] INFO  com.rs.mv.mvvs.lsp.server.BasicLanguageServerLauncher - [LSP:100102]start pip server
2026-04-29 11:34:37.764 [main] INFO  com.rs.mv.mvvs.lsp.server.BasicLanguageServerLauncher - [LSP:100103]ROCKET MV BASIC EXTENSION start successful
2026-04-29 11:34:37.831 [pool-3-thread-1] INFO  com.rs.mv.mvvs.instance.workspace.WorkspaceManager - [workspace:200101]load all workspace folders start
2026-04-29 11:34:37.831 [pool-3-thread-1] INFO  com.rs.mv.mvvs.instance.workspace.WorkspaceManager - [workspace:20010201]root uri: file:///c%3A/Users/aortega/Documents/UiPath/oportunidad-generar-core-v2
2026-04-29 11:34:37.831 [pool-3-thread-1] INFO  com.rs.mv.mvvs.instance.workspace.handler.FolderHandler - [workspace:200103]workspace contains workspace folder: file:///c%3A/Users/aortega/Documents/UiPath/oportunidad-generar-core-v2
2026-04-29 11:34:37.864 [pool-3-thread-1] INFO  com.rs.mv.mvvs.instance.workspace.handler.FolderHandler - [workspace:200104]workspace folder will be cached: file:///c%3A/Users/aortega/Documents/UiPath/oportunidad-generar-core-v2
2026-04-29 11:34:37.864 [pool-3-thread-1] INFO  com.rs.mv.mvvs.rmv.config.Config - [framework:30010101]config load start
2026-04-29 11:34:37.864 [pool-3-thread-1] INFO  com.rs.mv.mvvs.rmv.config.Config - [framework:30010102]project config path is : C:/Users/aortega/Documents/UiPath/oportunidad-generar-core-v2/.rmv/config
2026-04-29 11:34:37.864 [pool-3-thread-1] INFO  com.rs.mv.mvvs.rmv.config.Config - [framework:30010103]resource config path is : /
2026-04-29 11:34:37.864 [pool-3-thread-1] INFO  com.rs.mv.mvvs.rmv.config.Config - [framework:30010104]user config path is : C:/Users/aortega
2026-04-29 11:34:37.914 [pool-3-thread-1] INFO  com.rs.mv.mvvs.rmv.config.Config - [framework:30010105]config load end
2026-04-29 11:34:37.914 [pool-3-thread-1] INFO  com.rs.mv.mvvs.rmv.documentation.BasicDocumentation - [framework:30020101]documentation load start
2026-04-29 11:34:37.914 [pool-3-thread-1] INFO  com.rs.mv.mvvs.rmv.documentation.reader.SystemDocReader - [framework:30020102]system documentation path: /documentation/UNIVERSE/
2026-04-29 11:34:37.921 [pool-3-thread-1] INFO  com.rs.mv.mvvs.rmv.documentation.reader.ProjectDocReader - [framework:30020103]project documentation brief file: C:\Users\aortega\Documents\UiPath\oportunidad-generar-core-v2\.rmv\documentation\UNIVERSE\custom.json
2026-04-29 11:34:37.925 [pool-3-thread-1] INFO  com.rs.mv.mvvs.rmv.documentation.reader.UserDocReader - [framework:30020104]user documentation brief file: C:\Users\aortega\documentation\UNIVERSE\custom.json
2026-04-29 11:34:38.000 [pool-3-thread-1] INFO  com.rs.mv.mvvs.rmv.documentation.BasicDocumentation - [framework:30020105]documentation load end
2026-04-29 11:34:38.000 [pool-3-thread-1] INFO  com.rs.mv.mvvs.common.convertor.ConvertorManager - [framework:30030101]convertors for folder(C:/Users/aortega/Documents/UiPath/oportunidad-generar-core-v2) load start
2026-04-29 11:34:38.014 [pool-3-thread-1] INFO  com.rs.mv.mvvs.common.convertor.ConvertorManager - [framework:30030102]comment convertor load finish
2026-04-29 11:34:38.297 [pool-3-thread-1] INFO  com.rs.mv.mvvs.common.convertor.ConvertorManager - [framework:30030103]keyword convertor load finish
2026-04-29 11:34:38.297 [pool-3-thread-1] INFO  com.rs.mv.mvvs.common.convertor.ConvertorManager - [framework:30030104]operator convertor load finish
2026-04-29 11:34:38.297 [pool-3-thread-1] INFO  com.rs.mv.mvvs.common.convertor.ConvertorManager - [framework:30030105]function name convertor load finish
2026-04-29 11:34:38.297 [pool-3-thread-1] INFO  com.rs.mv.mvvs.common.convertor.ConvertorManager - [framework:30030106]atVariable convertor load finish
2026-04-29 11:34:38.297 [pool-3-thread-1] INFO  com.rs.mv.mvvs.common.convertor.ConvertorManager - [framework:30030107]convertors for folder(C:/Users/aortega/Documents/UiPath/oportunidad-generar-core-v2) load end
2026-04-29 11:34:38.297 [pool-3-thread-1] INFO  com.rs.mv.mvvs.rmv.config.CapabilityConfig - [framework:30010301]capabilities file(C:/Users/aortega/Documents/UiPath/oportunidad-generar-core-v2/config/capability) doesn't exist or read error, default config will take effect
2026-04-29 11:34:38.297 [pool-3-thread-1] INFO  com.rs.mv.mvvs.instance.workspace.WorkspaceManager - [workspace:200105]load all workspace folders successful
2026-04-29 11:34:38.297 [pool-3-thread-1] INFO  com.rs.mv.mvvs.client.account.AccountManager - [client:40010101]load account manager start
2026-04-29 11:34:38.314 [pool-3-thread-1] INFO  com.rs.mv.mvvs.client.account.handler.CacheAccountHandler - [client:40010102]load cache account: 
2026-04-29 11:34:38.330 [pool-3-thread-1] INFO  com.rs.mv.mvvs.client.account.handler.ExternalAccountHandler - [client:40010103]load external account: 
2026-04-29 11:34:38.365 [pool-3-thread-1] INFO  com.rs.mv.mvvs.client.catalog.manager.U2CatalogManager - [client:400203]cache file auto update thread launch in oportunidad-generar-core-v2 account
2026-04-29 11:34:38.365 [pool-3-thread-1] INFO  com.rs.mv.mvvs.client.catalog.from.config.DirsConfigReader - [client:400206]parse dir config information
2026-04-29 11:34:38.365 [pool-3-thread-1] INFO  com.rs.mv.mvvs.client.catalog.from.config.MappingConfigReader - [client:400207]parse mapping config information
2026-04-29 11:34:38.365 [pool-3-thread-1] INFO  com.rs.mv.mvvs.client.catalog.manager.U2CatalogManager - [client:400202]start a schedule task to get global/local catalog for oportunidad-generar-core-v2, its period 5s 
2026-04-29 11:34:38.365 [pool-3-thread-1] INFO  com.rs.mv.mvvs.client.catalog.manager.U2CatalogManager - [client:400203]cache file auto update thread launch in .local account
2026-04-29 11:34:38.365 [pool-3-thread-1] INFO  com.rs.mv.mvvs.client.catalog.from.config.DirsConfigReader - [client:400206]parse dir config information
2026-04-29 11:34:38.365 [pool-3-thread-1] INFO  com.rs.mv.mvvs.client.catalog.from.config.MappingConfigReader - [client:400207]parse mapping config information
2026-04-29 11:34:38.365 [pool-3-thread-1] INFO  com.rs.mv.mvvs.client.catalog.manager.U2CatalogManager - [client:400202]start a schedule task to get global/local catalog for .local, its period 5s 
2026-04-29 11:34:38.365 [pool-3-thread-1] INFO  com.rs.mv.mvvs.client.catalog.manager.U2CatalogManager - [client:400203]cache file auto update thread launch in .globalvariables account
2026-04-29 11:34:38.365 [pool-3-thread-1] INFO  com.rs.mv.mvvs.client.catalog.from.config.DirsConfigReader - [client:400206]parse dir config information
2026-04-29 11:34:38.365 [pool-3-thread-1] INFO  com.rs.mv.mvvs.client.catalog.from.config.MappingConfigReader - [client:400207]parse mapping config information
2026-04-29 11:34:38.379 [pool-3-thread-1] INFO  com.rs.mv.mvvs.client.catalog.manager.U2CatalogManager - [client:400202]start a schedule task to get global/local catalog for .globalvariables, its period 5s 
2026-04-29 11:34:38.379 [pool-3-thread-1] INFO  com.rs.mv.mvvs.client.catalog.manager.U2CatalogManager - [client:400203]cache file auto update thread launch in .settings account
2026-04-29 11:34:38.379 [pool-3-thread-1] INFO  com.rs.mv.mvvs.client.catalog.from.config.DirsConfigReader - [client:400206]parse dir config information
2026-04-29 11:34:38.380 [pool-3-thread-1] INFO  com.rs.mv.mvvs.client.catalog.from.config.MappingConfigReader - [client:400207]parse mapping config information
2026-04-29 11:34:38.380 [pool-3-thread-1] INFO  com.rs.mv.mvvs.client.catalog.manager.U2CatalogManager - [client:400202]start a schedule task to get global/local catalog for .settings, its period 5s 
2026-04-29 11:34:38.380 [pool-3-thread-1] INFO  com.rs.mv.mvvs.client.catalog.manager.U2CatalogManager - [client:400203]cache file auto update thread launch in Info complementaria account
2026-04-29 11:34:38.380 [pool-3-thread-1] INFO  com.rs.mv.mvvs.client.catalog.from.config.DirsConfigReader - [client:400206]parse dir config information
2026-04-29 11:34:38.380 [pool-3-thread-1] INFO  com.rs.mv.mvvs.client.catalog.from.config.MappingConfigReader - [client:400207]parse mapping config information
2026-04-29 11:34:38.380 [pool-3-thread-1] INFO  com.rs.mv.mvvs.client.catalog.manager.U2CatalogManager - [client:400202]start a schedule task to get global/local catalog for Info complementaria, its period 5s 
2026-04-29 11:34:38.380 [pool-3-thread-1] INFO  com.rs.mv.mvvs.client.catalog.manager.U2CatalogManager - [client:400203]cache file auto update thread launch in core-from-ppo-uipath-modular-readable-invokecode account
2026-04-29 11:34:38.380 [pool-3-thread-1] INFO  com.rs.mv.mvvs.client.catalog.from.config.DirsConfigReader - [client:400206]parse dir config information
2026-04-29 11:34:38.380 [pool-3-thread-1] INFO  com.rs.mv.mvvs.client.catalog.from.config.MappingConfigReader - [client:400207]parse mapping config information
2026-04-29 11:34:38.380 [pool-3-thread-1] INFO  com.rs.mv.mvvs.client.catalog.manager.U2CatalogManager - [client:400202]start a schedule task to get global/local catalog for core-from-ppo-uipath-modular-readable-invokecode, its period 5s 
2026-04-29 11:34:38.380 [pool-3-thread-1] INFO  com.rs.mv.mvvs.client.catalog.manager.U2CatalogManager - [client:400203]cache file auto update thread launch in Getronics account
2026-04-29 11:34:38.380 [pool-3-thread-1] INFO  com.rs.mv.mvvs.client.catalog.from.config.DirsConfigReader - [client:400206]parse dir config information
2026-04-29 11:34:38.380 [pool-3-thread-1] INFO  com.rs.mv.mvvs.client.catalog.from.config.MappingConfigReader - [client:400207]parse mapping config information
2026-04-29 11:34:38.380 [pool-3-thread-1] INFO  com.rs.mv.mvvs.client.catalog.manager.U2CatalogManager - [client:400202]start a schedule task to get global/local catalog for Getronics, its period 5s 
2026-04-29 11:34:38.380 [pool-3-thread-1] INFO  com.rs.mv.mvvs.client.catalog.manager.U2CatalogManager - [client:400203]cache file auto update thread launch in sf-apertura-fase1-feature-initial-import account
2026-04-29 11:34:38.380 [pool-3-thread-1] INFO  com.rs.mv.mvvs.client.catalog.from.config.DirsConfigReader - [client:400206]parse dir config information
2026-04-29 11:34:38.380 [pool-3-thread-1] INFO  com.rs.mv.mvvs.client.catalog.from.config.MappingConfigReader - [client:400207]parse mapping config information
2026-04-29 11:34:38.380 [pool-3-thread-1] INFO  com.rs.mv.mvvs.client.catalog.manager.U2CatalogManager - [client:400202]start a schedule task to get global/local catalog for sf-apertura-fase1-feature-initial-import, its period 5s 
2026-04-29 11:34:38.380 [pool-3-thread-1] INFO  com.rs.mv.mvvs.client.catalog.manager.U2CatalogManager - [client:400203]cache file auto update thread launch in sf-apertura-fase1-feature-initial-import account
2026-04-29 11:34:38.380 [pool-3-thread-1] INFO  com.rs.mv.mvvs.client.catalog.from.config.DirsConfigReader - [client:400206]parse dir config information
2026-04-29 11:34:38.380 [pool-3-thread-1] INFO  com.rs.mv.mvvs.client.catalog.from.config.MappingConfigReader - [client:400207]parse mapping config information
2026-04-29 11:34:38.380 [pool-3-thread-1] INFO  com.rs.mv.mvvs.client.catalog.manager.U2CatalogManager - [client:400202]start a schedule task to get global/local catalog for sf-apertura-fase1-feature-initial-import, its period 5s 
2026-04-29 11:34:38.380 [pool-3-thread-1] INFO  com.rs.mv.mvvs.client.catalog.manager.U2CatalogManager - [client:400203]cache file auto update thread launch in sf-cierre-fase1-develop account
2026-04-29 11:34:38.380 [pool-3-thread-1] INFO  com.rs.mv.mvvs.client.catalog.from.config.DirsConfigReader - [client:400206]parse dir config information
2026-04-29 11:34:38.380 [pool-3-thread-1] INFO  com.rs.mv.mvvs.client.catalog.from.config.MappingConfigReader - [client:400207]parse mapping config information
2026-04-29 11:34:38.380 [pool-3-thread-1] INFO  com.rs.mv.mvvs.client.catalog.manager.U2CatalogManager - [client:400202]start a schedule task to get global/local catalog for sf-cierre-fase1-develop, its period 5s 
2026-04-29 11:34:38.380 [pool-3-thread-1] INFO  com.rs.mv.mvvs.client.catalog.manager.U2CatalogManager - [client:400203]cache file auto update thread launch in sf-cierre-fase2-develop account
2026-04-29 11:34:38.390 [pool-3-thread-1] INFO  com.rs.mv.mvvs.client.catalog.from.config.DirsConfigReader - [client:400206]parse dir config information
2026-04-29 11:34:38.390 [pool-3-thread-1] INFO  com.rs.mv.mvvs.client.catalog.from.config.MappingConfigReader - [client:400207]parse mapping config information
2026-04-29 11:34:38.390 [pool-3-thread-1] INFO  com.rs.mv.mvvs.client.catalog.manager.U2CatalogManager - [client:400202]start a schedule task to get global/local catalog for sf-cierre-fase2-develop, its period 5s 
2026-04-29 11:34:38.390 [pool-3-thread-1] INFO  com.rs.mv.mvvs.client.catalog.manager.U2CatalogManager - [client:400203]cache file auto update thread launch in sf-cierre-fase2-develop account
2026-04-29 11:34:38.390 [pool-3-thread-1] INFO  com.rs.mv.mvvs.client.catalog.from.config.DirsConfigReader - [client:400206]parse dir config information
2026-04-29 11:34:38.390 [pool-3-thread-1] INFO  com.rs.mv.mvvs.client.catalog.from.config.MappingConfigReader - [client:400207]parse mapping config information
2026-04-29 11:34:38.390 [pool-3-thread-1] INFO  com.rs.mv.mvvs.client.catalog.manager.U2CatalogManager - [client:400202]start a schedule task to get global/local catalog for sf-cierre-fase2-develop, its period 5s 
2026-04-29 11:34:38.390 [pool-3-thread-1] INFO  com.rs.mv.mvvs.client.catalog.manager.U2CatalogManager - [client:400203]cache file auto update thread launch in sf-forecast-fase1-develop account
2026-04-29 11:34:38.390 [pool-3-thread-1] INFO  com.rs.mv.mvvs.client.catalog.from.config.DirsConfigReader - [client:400206]parse dir config information
2026-04-29 11:34:38.390 [pool-3-thread-1] INFO  com.rs.mv.mvvs.client.catalog.from.config.MappingConfigReader - [client:400207]parse mapping config information
2026-04-29 11:34:38.390 [pool-3-thread-1] INFO  com.rs.mv.mvvs.client.catalog.manager.U2CatalogManager - [client:400202]start a schedule task to get global/local catalog for sf-forecast-fase1-develop, its period 5s 
2026-04-29 11:34:38.397 [pool-3-thread-1] INFO  com.rs.mv.mvvs.client.account.handler.ServerAccountHandler - [client:40010104]load server account: Account{name=.globalvariables, path=C:/Users/aortega/Documents/UiPath/oportunidad-generar-core-v2/.local/.globalvariables, type=PREDICT}
Account{name=sf-forecast-fase1-develop, path=C:/Users/aortega/Documents/UiPath/oportunidad-generar-core-v2/Info complementaria/sf-forecast-fase1-develop, type=PREDICT}
Account{name=oportunidad-generar-core-v2, path=C:/Users/aortega/Documents/UiPath/oportunidad-generar-core-v2, type=PREDICT}
Account{name=.settings, path=C:/Users/aortega/Documents/UiPath/oportunidad-generar-core-v2/.settings, type=PREDICT}
Account{name=Getronics, path=C:/Users/aortega/Documents/UiPath/oportunidad-generar-core-v2/Info complementaria/core-from-ppo-uipath-modular-readable-invokecode/Getronics, type=PREDICT}
Account{name=core-from-ppo-uipath-modular-readable-invokecode, path=C:/Users/aortega/Documents/UiPath/oportunidad-generar-core-v2/Info complementaria/core-from-ppo-uipath-modular-readable-invokecode, type=PREDICT}
Account{name=sf-cierre-fase2-develop, path=C:/Users/aortega/Documents/UiPath/oportunidad-generar-core-v2/Info complementaria/sf-cierre-fase2-develop, type=PREDICT}
Account{name=.local, path=C:/Users/aortega/Documents/UiPath/oportunidad-generar-core-v2/.local, type=PREDICT}
Account{name=sf-cierre-fase2-develop, path=C:/Users/aortega/Documents/UiPath/oportunidad-generar-core-v2/Info complementaria/sf-cierre-fase2-develop/sf-cierre-fase2-develop, type=PREDICT}
Account{name=Info complementaria, path=C:/Users/aortega/Documents/UiPath/oportunidad-generar-core-v2/Info complementaria, type=PREDICT}
Account{name=sf-cierre-fase1-develop, path=C:/Users/aortega/Documents/UiPath/oportunidad-generar-core-v2/Info complementaria/sf-cierre-fase1-develop, type=PREDICT}
Account{name=sf-apertura-fase1-feature-initial-import, path=C:/Users/aortega/Documents/UiPath/oportunidad-generar-core-v2/Info complementaria/sf-apertura-fase1-feature-initial-import/sf-apertura-fase1-feature-initial-import, type=PREDICT}
Account{name=sf-apertura-fase1-feature-initial-import, path=C:/Users/aortega/Documents/UiPath/oportunidad-generar-core-v2/Info complementaria/sf-apertura-fase1-feature-initial-import, type=PREDICT}
2026-04-29 11:34:38.397 [pool-3-thread-1] INFO  com.rs.mv.mvvs.client.account.AccountManager - [client:40010105]load account manager finish
2026-04-29 11:34:38.397 [pool-3-thread-1] INFO  com.rs.mv.mvvs.instance.userspace.UserspaceManager - [framework:30010402]config file(C:\Users\aortega/.rmv/config) watcher launch successful
2026-04-29 11:52:44.730 [pool-3-thread-1] INFO  com.rs.mv.mvvs.client.catalog.from.scan.CurrentPathScanner - [client:400205]scan file in current open file directory(C:/Users/aortega/Documents/UiPath/oportunidad-generar-core-v2)
2026-04-29 12:16:24.662 [pool-3-thread-1] INFO  com.rs.mv.mvvs.client.catalog.from.scan.CurrentPathScanner - [client:400205]scan file in current open file directory(C:/Users/aortega/Documents/UiPath/oportunidad-generar-core-v2)
2026-04-29 12:43:29.985 [pool-3-thread-1] INFO  com.rs.mv.mvvs.client.catalog.from.scan.CurrentPathScanner - [client:400205]scan file in current open file directory(C:/Users/aortega/Documents/UiPath/oportunidad-generar-core-v2)
2026-04-29 13:15:43.275 [pool-3-thread-1] INFO  com.rs.mv.mvvs.client.catalog.from.scan.CurrentPathScanner - [client:400205]scan file in current open file directory(C:/Users/aortega/Documents/UiPath/oportunidad-generar-core-v2)
2026-04-29 13:40:26.190 [main] INFO  com.rs.mv.mvvs.Startup - [LSP:100101]ROCKET MV BASIC EXTENSION to start
2026-04-29 13:40:26.214 [main] INFO  com.rs.mv.mvvs.lsp.server.BasicLanguageServerLauncher - [LSP:100102]start pip server
2026-04-29 13:40:26.326 [main] INFO  com.rs.mv.mvvs.lsp.server.BasicLanguageServerLauncher - [LSP:100103]ROCKET MV BASIC EXTENSION start successful
2026-04-29 13:40:26.407 [pool-3-thread-1] INFO  com.rs.mv.mvvs.instance.workspace.WorkspaceManager - [workspace:200101]load all workspace folders start
2026-04-29 13:40:26.407 [pool-3-thread-1] INFO  com.rs.mv.mvvs.instance.workspace.WorkspaceManager - [workspace:20010201]root uri: file:///c%3A/Users/aortega/Documents/UiPath/oportunidad-generar-core-v2
2026-04-29 13:40:26.407 [pool-3-thread-1] INFO  com.rs.mv.mvvs.instance.workspace.handler.FolderHandler - [workspace:200103]workspace contains workspace folder: file:///c%3A/Users/aortega/Documents/UiPath/oportunidad-generar-core-v2
2026-04-29 13:40:26.434 [pool-3-thread-1] INFO  com.rs.mv.mvvs.instance.workspace.handler.FolderHandler - [workspace:200104]workspace folder will be cached: file:///c%3A/Users/aortega/Documents/UiPath/oportunidad-generar-core-v2
2026-04-29 13:40:26.434 [pool-3-thread-1] INFO  com.rs.mv.mvvs.rmv.config.Config - [framework:30010101]config load start
2026-04-29 13:40:26.434 [pool-3-thread-1] INFO  com.rs.mv.mvvs.rmv.config.Config - [framework:30010102]project config path is : C:/Users/aortega/Documents/UiPath/oportunidad-generar-core-v2/.rmv/config
2026-04-29 13:40:26.434 [pool-3-thread-1] INFO  com.rs.mv.mvvs.rmv.config.Config - [framework:30010103]resource config path is : /
2026-04-29 13:40:26.434 [pool-3-thread-1] INFO  com.rs.mv.mvvs.rmv.config.Config - [framework:30010104]user config path is : C:/Users/aortega
2026-04-29 13:40:26.450 [pool-3-thread-1] INFO  com.rs.mv.mvvs.rmv.config.Config - [framework:30010105]config load end
2026-04-29 13:40:26.450 [pool-3-thread-1] INFO  com.rs.mv.mvvs.rmv.documentation.BasicDocumentation - [framework:30020101]documentation load start
2026-04-29 13:40:26.450 [pool-3-thread-1] INFO  com.rs.mv.mvvs.rmv.documentation.reader.SystemDocReader - [framework:30020102]system documentation path: /documentation/UNIVERSE/
2026-04-29 13:40:26.450 [pool-3-thread-1] INFO  com.rs.mv.mvvs.rmv.documentation.reader.ProjectDocReader - [framework:30020103]project documentation brief file: C:\Users\aortega\Documents\UiPath\oportunidad-generar-core-v2\.rmv\documentation\UNIVERSE\custom.json
2026-04-29 13:40:26.450 [pool-3-thread-1] INFO  com.rs.mv.mvvs.rmv.documentation.reader.UserDocReader - [framework:30020104]user documentation brief file: C:\Users\aortega\documentation\UNIVERSE\custom.json
2026-04-29 13:40:26.564 [pool-3-thread-1] INFO  com.rs.mv.mvvs.rmv.documentation.BasicDocumentation - [framework:30020105]documentation load end
2026-04-29 13:40:26.572 [pool-3-thread-1] INFO  com.rs.mv.mvvs.common.convertor.ConvertorManager - [framework:30030101]convertors for folder(C:/Users/aortega/Documents/UiPath/oportunidad-generar-core-v2) load start
2026-04-29 13:40:26.587 [pool-3-thread-1] INFO  com.rs.mv.mvvs.common.convertor.ConvertorManager - [framework:30030102]comment convertor load finish
2026-04-29 13:40:26.866 [pool-3-thread-1] INFO  com.rs.mv.mvvs.common.convertor.ConvertorManager - [framework:30030103]keyword convertor load finish
2026-04-29 13:40:26.872 [pool-3-thread-1] INFO  com.rs.mv.mvvs.common.convertor.ConvertorManager - [framework:30030104]operator convertor load finish
2026-04-29 13:40:26.872 [pool-3-thread-1] INFO  com.rs.mv.mvvs.common.convertor.ConvertorManager - [framework:30030105]function name convertor load finish
2026-04-29 13:40:26.874 [pool-3-thread-1] INFO  com.rs.mv.mvvs.common.convertor.ConvertorManager - [framework:30030106]atVariable convertor load finish
2026-04-29 13:40:26.874 [pool-3-thread-1] INFO  com.rs.mv.mvvs.common.convertor.ConvertorManager - [framework:30030107]convertors for folder(C:/Users/aortega/Documents/UiPath/oportunidad-generar-core-v2) load end
2026-04-29 13:40:26.874 [pool-3-thread-1] INFO  com.rs.mv.mvvs.rmv.config.CapabilityConfig - [framework:30010301]capabilities file(C:/Users/aortega/Documents/UiPath/oportunidad-generar-core-v2/config/capability) doesn't exist or read error, default config will take effect
2026-04-29 13:40:26.874 [pool-3-thread-1] INFO  com.rs.mv.mvvs.instance.workspace.WorkspaceManager - [workspace:200105]load all workspace folders successful
2026-04-29 13:40:26.874 [pool-3-thread-1] INFO  com.rs.mv.mvvs.client.account.AccountManager - [client:40010101]load account manager start
2026-04-29 13:40:26.892 [pool-3-thread-1] INFO  com.rs.mv.mvvs.client.account.handler.CacheAccountHandler - [client:40010102]load cache account: 
2026-04-29 13:40:26.894 [pool-3-thread-1] INFO  com.rs.mv.mvvs.client.account.handler.ExternalAccountHandler - [client:40010103]load external account: 
2026-04-29 13:40:26.975 [pool-3-thread-1] INFO  com.rs.mv.mvvs.client.catalog.manager.U2CatalogManager - [client:400203]cache file auto update thread launch in oportunidad-generar-core-v2 account
2026-04-29 13:40:26.980 [pool-3-thread-1] INFO  com.rs.mv.mvvs.client.catalog.from.config.DirsConfigReader - [client:400206]parse dir config information
2026-04-29 13:40:26.980 [pool-3-thread-1] INFO  com.rs.mv.mvvs.client.catalog.from.config.MappingConfigReader - [client:400207]parse mapping config information
2026-04-29 13:40:26.980 [pool-3-thread-1] INFO  com.rs.mv.mvvs.client.catalog.manager.U2CatalogManager - [client:400202]start a schedule task to get global/local catalog for oportunidad-generar-core-v2, its period 5s 
2026-04-29 13:40:26.980 [pool-3-thread-1] INFO  com.rs.mv.mvvs.client.catalog.manager.U2CatalogManager - [client:400203]cache file auto update thread launch in .git account
2026-04-29 13:40:26.980 [pool-3-thread-1] INFO  com.rs.mv.mvvs.client.catalog.from.config.DirsConfigReader - [client:400206]parse dir config information
2026-04-29 13:40:26.980 [pool-3-thread-1] INFO  com.rs.mv.mvvs.client.catalog.from.config.MappingConfigReader - [client:400207]parse mapping config information
2026-04-29 13:40:26.980 [pool-3-thread-1] INFO  com.rs.mv.mvvs.client.catalog.manager.U2CatalogManager - [client:400202]start a schedule task to get global/local catalog for .git, its period 5s 
2026-04-29 13:40:26.980 [pool-3-thread-1] INFO  com.rs.mv.mvvs.client.catalog.manager.U2CatalogManager - [client:400203]cache file auto update thread launch in logs account
2026-04-29 13:40:26.980 [pool-3-thread-1] INFO  com.rs.mv.mvvs.client.catalog.from.config.DirsConfigReader - [client:400206]parse dir config information
2026-04-29 13:40:26.980 [pool-3-thread-1] INFO  com.rs.mv.mvvs.client.catalog.from.config.MappingConfigReader - [client:400207]parse mapping config information
2026-04-29 13:40:26.980 [pool-3-thread-1] INFO  com.rs.mv.mvvs.client.catalog.manager.U2CatalogManager - [client:400202]start a schedule task to get global/local catalog for logs, its period 5s 
2026-04-29 13:40:26.980 [pool-3-thread-1] INFO  com.rs.mv.mvvs.client.catalog.manager.U2CatalogManager - [client:400203]cache file auto update thread launch in refs account
2026-04-29 13:40:26.980 [pool-3-thread-1] INFO  com.rs.mv.mvvs.client.catalog.from.config.DirsConfigReader - [client:400206]parse dir config information
2026-04-29 13:40:26.980 [pool-3-thread-1] INFO  com.rs.mv.mvvs.client.catalog.from.config.MappingConfigReader - [client:400207]parse mapping config information
2026-04-29 13:40:26.980 [pool-3-thread-1] INFO  com.rs.mv.mvvs.client.catalog.manager.U2CatalogManager - [client:400202]start a schedule task to get global/local catalog for refs, its period 5s 
2026-04-29 13:40:26.980 [pool-3-thread-1] INFO  com.rs.mv.mvvs.client.catalog.manager.U2CatalogManager - [client:400203]cache file auto update thread launch in remotes account
2026-04-29 13:40:26.980 [pool-3-thread-1] INFO  com.rs.mv.mvvs.client.catalog.from.config.DirsConfigReader - [client:400206]parse dir config information
2026-04-29 13:40:26.980 [pool-3-thread-1] INFO  com.rs.mv.mvvs.client.catalog.from.config.MappingConfigReader - [client:400207]parse mapping config information
2026-04-29 13:40:26.980 [pool-3-thread-1] INFO  com.rs.mv.mvvs.client.catalog.manager.U2CatalogManager - [client:400202]start a schedule task to get global/local catalog for remotes, its period 5s 
2026-04-29 13:40:26.980 [pool-3-thread-1] INFO  com.rs.mv.mvvs.client.catalog.manager.U2CatalogManager - [client:400203]cache file auto update thread launch in objects account
2026-04-29 13:40:26.980 [pool-3-thread-1] INFO  com.rs.mv.mvvs.client.catalog.from.config.DirsConfigReader - [client:400206]parse dir config information
2026-04-29 13:40:26.980 [pool-3-thread-1] INFO  com.rs.mv.mvvs.client.catalog.from.config.MappingConfigReader - [client:400207]parse mapping config information
2026-04-29 13:40:26.980 [pool-3-thread-1] INFO  com.rs.mv.mvvs.client.catalog.manager.U2CatalogManager - [client:400202]start a schedule task to get global/local catalog for objects, its period 5s 
2026-04-29 13:40:26.980 [pool-3-thread-1] INFO  com.rs.mv.mvvs.client.catalog.manager.U2CatalogManager - [client:400203]cache file auto update thread launch in refs account
2026-04-29 13:40:26.980 [pool-3-thread-1] INFO  com.rs.mv.mvvs.client.catalog.from.config.DirsConfigReader - [client:400206]parse dir config information
2026-04-29 13:40:26.980 [pool-3-thread-1] INFO  com.rs.mv.mvvs.client.catalog.from.config.MappingConfigReader - [client:400207]parse mapping config information
2026-04-29 13:40:26.980 [pool-3-thread-1] INFO  com.rs.mv.mvvs.client.catalog.manager.U2CatalogManager - [client:400202]start a schedule task to get global/local catalog for refs, its period 5s 
2026-04-29 13:40:26.980 [pool-3-thread-1] INFO  com.rs.mv.mvvs.client.catalog.manager.U2CatalogManager - [client:400203]cache file auto update thread launch in remotes account
2026-04-29 13:40:26.980 [pool-3-thread-1] INFO  com.rs.mv.mvvs.client.catalog.from.config.DirsConfigReader - [client:400206]parse dir config information
2026-04-29 13:40:26.994 [pool-3-thread-1] INFO  com.rs.mv.mvvs.client.catalog.from.config.MappingConfigReader - [client:400207]parse mapping config information
2026-04-29 13:40:26.994 [pool-3-thread-1] INFO  com.rs.mv.mvvs.client.catalog.manager.U2CatalogManager - [client:400202]start a schedule task to get global/local catalog for remotes, its period 5s 
2026-04-29 13:40:26.994 [pool-3-thread-1] INFO  com.rs.mv.mvvs.client.catalog.manager.U2CatalogManager - [client:400203]cache file auto update thread launch in .local account
2026-04-29 13:40:26.994 [pool-3-thread-1] INFO  com.rs.mv.mvvs.client.catalog.from.config.DirsConfigReader - [client:400206]parse dir config information
2026-04-29 13:40:26.994 [pool-3-thread-1] INFO  com.rs.mv.mvvs.client.catalog.from.config.MappingConfigReader - [client:400207]parse mapping config information
2026-04-29 13:40:26.994 [pool-3-thread-1] INFO  com.rs.mv.mvvs.client.catalog.manager.U2CatalogManager - [client:400202]start a schedule task to get global/local catalog for .local, its period 5s 
2026-04-29 13:40:26.996 [pool-3-thread-1] INFO  com.rs.mv.mvvs.client.catalog.manager.U2CatalogManager - [client:400203]cache file auto update thread launch in .globalvariables account
2026-04-29 13:40:26.997 [pool-3-thread-1] INFO  com.rs.mv.mvvs.client.catalog.from.config.DirsConfigReader - [client:400206]parse dir config information
2026-04-29 13:40:26.997 [pool-3-thread-1] INFO  com.rs.mv.mvvs.client.catalog.from.config.MappingConfigReader - [client:400207]parse mapping config information
2026-04-29 13:40:26.997 [pool-3-thread-1] INFO  com.rs.mv.mvvs.client.catalog.manager.U2CatalogManager - [client:400202]start a schedule task to get global/local catalog for .globalvariables, its period 5s 
2026-04-29 13:40:26.998 [pool-3-thread-1] INFO  com.rs.mv.mvvs.client.catalog.manager.U2CatalogManager - [client:400203]cache file auto update thread launch in .settings account
2026-04-29 13:40:26.998 [pool-3-thread-1] INFO  com.rs.mv.mvvs.client.catalog.from.config.DirsConfigReader - [client:400206]parse dir config information
2026-04-29 13:40:26.998 [pool-3-thread-1] INFO  com.rs.mv.mvvs.client.catalog.from.config.MappingConfigReader - [client:400207]parse mapping config information
2026-04-29 13:40:26.999 [pool-3-thread-1] INFO  com.rs.mv.mvvs.client.catalog.manager.U2CatalogManager - [client:400202]start a schedule task to get global/local catalog for .settings, its period 5s 
2026-04-29 13:40:26.999 [pool-3-thread-1] INFO  com.rs.mv.mvvs.client.catalog.manager.U2CatalogManager - [client:400203]cache file auto update thread launch in Info complementaria account
2026-04-29 13:40:27.000 [pool-3-thread-1] INFO  com.rs.mv.mvvs.client.catalog.from.config.DirsConfigReader - [client:400206]parse dir config information
2026-04-29 13:40:27.000 [pool-3-thread-1] INFO  com.rs.mv.mvvs.client.catalog.from.config.MappingConfigReader - [client:400207]parse mapping config information
2026-04-29 13:40:27.000 [pool-3-thread-1] INFO  com.rs.mv.mvvs.client.catalog.manager.U2CatalogManager - [client:400202]start a schedule task to get global/local catalog for Info complementaria, its period 5s 
2026-04-29 13:40:27.000 [pool-3-thread-1] INFO  com.rs.mv.mvvs.client.catalog.manager.U2CatalogManager - [client:400203]cache file auto update thread launch in core-from-ppo-uipath-modular-readable-invokecode account
2026-04-29 13:40:27.001 [pool-3-thread-1] INFO  com.rs.mv.mvvs.client.catalog.from.config.DirsConfigReader - [client:400206]parse dir config information
2026-04-29 13:40:27.001 [pool-3-thread-1] INFO  com.rs.mv.mvvs.client.catalog.from.config.MappingConfigReader - [client:400207]parse mapping config information
2026-04-29 13:40:27.001 [pool-3-thread-1] INFO  com.rs.mv.mvvs.client.catalog.manager.U2CatalogManager - [client:400202]start a schedule task to get global/local catalog for core-from-ppo-uipath-modular-readable-invokecode, its period 5s 
2026-04-29 13:40:27.001 [pool-3-thread-1] INFO  com.rs.mv.mvvs.client.catalog.manager.U2CatalogManager - [client:400203]cache file auto update thread launch in Getronics account
2026-04-29 13:40:27.002 [pool-3-thread-1] INFO  com.rs.mv.mvvs.client.catalog.from.config.DirsConfigReader - [client:400206]parse dir config information
2026-04-29 13:40:27.002 [pool-3-thread-1] INFO  com.rs.mv.mvvs.client.catalog.from.config.MappingConfigReader - [client:400207]parse mapping config information
2026-04-29 13:40:27.002 [pool-3-thread-1] INFO  com.rs.mv.mvvs.client.catalog.manager.U2CatalogManager - [client:400202]start a schedule task to get global/local catalog for Getronics, its period 5s 
2026-04-29 13:40:27.003 [pool-3-thread-1] INFO  com.rs.mv.mvvs.client.catalog.manager.U2CatalogManager - [client:400203]cache file auto update thread launch in sf-apertura-fase1-feature-initial-import account
2026-04-29 13:40:27.003 [pool-3-thread-1] INFO  com.rs.mv.mvvs.client.catalog.from.config.DirsConfigReader - [client:400206]parse dir config information
2026-04-29 13:40:27.003 [pool-3-thread-1] INFO  com.rs.mv.mvvs.client.catalog.from.config.MappingConfigReader - [client:400207]parse mapping config information
2026-04-29 13:40:27.003 [pool-3-thread-1] INFO  com.rs.mv.mvvs.client.catalog.manager.U2CatalogManager - [client:400202]start a schedule task to get global/local catalog for sf-apertura-fase1-feature-initial-import, its period 5s 
2026-04-29 13:40:27.004 [pool-3-thread-1] INFO  com.rs.mv.mvvs.client.catalog.manager.U2CatalogManager - [client:400203]cache file auto update thread launch in sf-apertura-fase1-feature-initial-import account
2026-04-29 13:40:27.004 [pool-3-thread-1] INFO  com.rs.mv.mvvs.client.catalog.from.config.DirsConfigReader - [client:400206]parse dir config information
2026-04-29 13:40:27.004 [pool-3-thread-1] INFO  com.rs.mv.mvvs.client.catalog.from.config.MappingConfigReader - [client:400207]parse mapping config information
2026-04-29 13:40:27.004 [pool-3-thread-1] INFO  com.rs.mv.mvvs.client.catalog.manager.U2CatalogManager - [client:400202]start a schedule task to get global/local catalog for sf-apertura-fase1-feature-initial-import, its period 5s 
2026-04-29 13:40:27.005 [pool-3-thread-1] INFO  com.rs.mv.mvvs.client.catalog.manager.U2CatalogManager - [client:400203]cache file auto update thread launch in sf-cierre-fase1-develop account
2026-04-29 13:40:27.005 [pool-3-thread-1] INFO  com.rs.mv.mvvs.client.catalog.from.config.DirsConfigReader - [client:400206]parse dir config information
2026-04-29 13:40:27.005 [pool-3-thread-1] INFO  com.rs.mv.mvvs.client.catalog.from.config.MappingConfigReader - [client:400207]parse mapping config information
2026-04-29 13:40:27.006 [pool-3-thread-1] INFO  com.rs.mv.mvvs.client.catalog.manager.U2CatalogManager - [client:400202]start a schedule task to get global/local catalog for sf-cierre-fase1-develop, its period 5s 
2026-04-29 13:40:27.006 [pool-3-thread-1] INFO  com.rs.mv.mvvs.client.catalog.manager.U2CatalogManager - [client:400203]cache file auto update thread launch in sf-cierre-fase2-develop account
2026-04-29 13:40:27.006 [pool-3-thread-1] INFO  com.rs.mv.mvvs.client.catalog.from.config.DirsConfigReader - [client:400206]parse dir config information
2026-04-29 13:40:27.007 [pool-3-thread-1] INFO  com.rs.mv.mvvs.client.catalog.from.config.MappingConfigReader - [client:400207]parse mapping config information
2026-04-29 13:40:27.007 [pool-3-thread-1] INFO  com.rs.mv.mvvs.client.catalog.manager.U2CatalogManager - [client:400202]start a schedule task to get global/local catalog for sf-cierre-fase2-develop, its period 5s 
2026-04-29 13:40:27.007 [pool-3-thread-1] INFO  com.rs.mv.mvvs.client.catalog.manager.U2CatalogManager - [client:400203]cache file auto update thread launch in sf-cierre-fase2-develop account
2026-04-29 13:40:27.008 [pool-3-thread-1] INFO  com.rs.mv.mvvs.client.catalog.from.config.DirsConfigReader - [client:400206]parse dir config information
2026-04-29 13:40:27.008 [pool-3-thread-1] INFO  com.rs.mv.mvvs.client.catalog.from.config.MappingConfigReader - [client:400207]parse mapping config information
2026-04-29 13:40:27.008 [pool-3-thread-1] INFO  com.rs.mv.mvvs.client.catalog.manager.U2CatalogManager - [client:400202]start a schedule task to get global/local catalog for sf-cierre-fase2-develop, its period 5s 
2026-04-29 13:40:27.009 [pool-3-thread-1] INFO  com.rs.mv.mvvs.client.catalog.manager.U2CatalogManager - [client:400203]cache file auto update thread launch in sf-forecast-fase1-develop account
2026-04-29 13:40:27.009 [pool-3-thread-1] INFO  com.rs.mv.mvvs.client.catalog.from.config.DirsConfigReader - [client:400206]parse dir config information
2026-04-29 13:40:27.009 [pool-3-thread-1] INFO  com.rs.mv.mvvs.client.catalog.from.config.MappingConfigReader - [client:400207]parse mapping config information
2026-04-29 13:40:27.009 [pool-3-thread-1] INFO  com.rs.mv.mvvs.client.catalog.manager.U2CatalogManager - [client:400202]start a schedule task to get global/local catalog for sf-forecast-fase1-develop, its period 5s 
2026-04-29 13:40:27.010 [pool-3-thread-1] INFO  com.rs.mv.mvvs.rmv.documentation.BasicDocumentation - [framework:30020101]documentation load start
2026-04-29 13:40:27.010 [pool-3-thread-1] INFO  com.rs.mv.mvvs.rmv.documentation.reader.SystemDocReader - [framework:30020102]system documentation path: /documentation/UNIVERSE/
2026-04-29 13:40:27.010 [pool-3-thread-1] INFO  com.rs.mv.mvvs.rmv.documentation.reader.ProjectDocReader - [framework:30020103]project documentation brief file: custom.json
2026-04-29 13:40:27.011 [pool-3-thread-1] INFO  com.rs.mv.mvvs.rmv.documentation.reader.UserDocReader - [framework:30020104]user documentation brief file: C:\Users\aortega\documentation\UNIVERSE\custom.json
2026-04-29 13:40:27.023 [pool-3-thread-1] INFO  com.rs.mv.mvvs.rmv.documentation.BasicDocumentation - [framework:30020105]documentation load end
2026-04-29 13:40:27.025 [pool-3-thread-1] INFO  com.rs.mv.mvvs.common.convertor.ConvertorManager - [framework:30030101]convertors for folder(*) load start
2026-04-29 13:40:27.026 [pool-3-thread-1] INFO  com.rs.mv.mvvs.common.convertor.ConvertorManager - [framework:30030102]comment convertor load finish
2026-04-29 13:40:27.035 [pool-3-thread-1] INFO  com.rs.mv.mvvs.common.convertor.ConvertorManager - [framework:30030103]keyword convertor load finish
2026-04-29 13:40:27.048 [pool-3-thread-1] INFO  com.rs.mv.mvvs.common.convertor.ConvertorManager - [framework:30030104]operator convertor load finish
2026-04-29 13:40:27.049 [pool-3-thread-1] INFO  com.rs.mv.mvvs.common.convertor.ConvertorManager - [framework:30030105]function name convertor load finish
2026-04-29 13:40:27.049 [pool-3-thread-1] INFO  com.rs.mv.mvvs.common.convertor.ConvertorManager - [framework:30030106]atVariable convertor load finish
2026-04-29 13:40:27.050 [pool-3-thread-1] INFO  com.rs.mv.mvvs.common.convertor.ConvertorManager - [framework:30030107]convertors for folder(*) load end
2026-04-29 13:40:27.051 [pool-3-thread-1] INFO  com.rs.mv.mvvs.client.catalog.manager.U2CatalogManager - [client:400203]cache file auto update thread launch in ... account
2026-04-29 13:40:27.051 [pool-3-thread-1] INFO  com.rs.mv.mvvs.client.catalog.from.config.DirsConfigReader - [client:400206]parse dir config information
2026-04-29 13:40:27.052 [pool-3-thread-1] INFO  com.rs.mv.mvvs.client.catalog.from.config.MappingConfigReader - [client:400207]parse mapping config information
2026-04-29 13:40:27.053 [pool-3-thread-1] INFO  com.rs.mv.mvvs.client.catalog.manager.U2CatalogManager - [client:400202]start a schedule task to get global/local catalog for ..., its period 5s 
2026-04-29 13:40:27.062 [pool-3-thread-1] INFO  com.rs.mv.mvvs.client.account.handler.ServerAccountHandler - [client:40010104]load server account: Account{name=.globalvariables, path=C:/Users/aortega/Documents/UiPath/oportunidad-generar-core-v2/.local/.globalvariables, type=PREDICT}
Account{name=sf-forecast-fase1-develop, path=C:/Users/aortega/Documents/UiPath/oportunidad-generar-core-v2/Info complementaria/sf-forecast-fase1-develop, type=PREDICT}
Account{name=oportunidad-generar-core-v2, path=C:/Users/aortega/Documents/UiPath/oportunidad-generar-core-v2, type=PREDICT}
Account{name=refs, path=C:/Users/aortega/Documents/UiPath/oportunidad-generar-core-v2/.git/refs, type=PREDICT}
Account{name=.settings, path=C:/Users/aortega/Documents/UiPath/oportunidad-generar-core-v2/.settings, type=PREDICT}
Account{name=Getronics, path=C:/Users/aortega/Documents/UiPath/oportunidad-generar-core-v2/Info complementaria/core-from-ppo-uipath-modular-readable-invokecode/Getronics, type=PREDICT}
Account{name=core-from-ppo-uipath-modular-readable-invokecode, path=C:/Users/aortega/Documents/UiPath/oportunidad-generar-core-v2/Info complementaria/core-from-ppo-uipath-modular-readable-invokecode, type=PREDICT}
Account{name=sf-cierre-fase2-develop, path=C:/Users/aortega/Documents/UiPath/oportunidad-generar-core-v2/Info complementaria/sf-cierre-fase2-develop, type=PREDICT}
Account{name=.local, path=C:/Users/aortega/Documents/UiPath/oportunidad-generar-core-v2/.local, type=PREDICT}
Account{name=objects, path=C:/Users/aortega/Documents/UiPath/oportunidad-generar-core-v2/.git/objects, type=PREDICT}
Account{name=logs, path=C:/Users/aortega/Documents/UiPath/oportunidad-generar-core-v2/.git/logs, type=PREDICT}
Account{name=refs, path=C:/Users/aortega/Documents/UiPath/oportunidad-generar-core-v2/.git/logs/refs, type=PREDICT}
Account{name=.git, path=C:/Users/aortega/Documents/UiPath/oportunidad-generar-core-v2/.git, type=PREDICT}
Account{name=sf-cierre-fase2-develop, path=C:/Users/aortega/Documents/UiPath/oportunidad-generar-core-v2/Info complementaria/sf-cierre-fase2-develop/sf-cierre-fase2-develop, type=PREDICT}
Account{name=remotes, path=C:/Users/aortega/Documents/UiPath/oportunidad-generar-core-v2/.git/refs/remotes, type=PREDICT}
Account{name=Info complementaria, path=C:/Users/aortega/Documents/UiPath/oportunidad-generar-core-v2/Info complementaria, type=PREDICT}
Account{name=sf-apertura-fase1-feature-initial-import, path=C:/Users/aortega/Documents/UiPath/oportunidad-generar-core-v2/Info complementaria/sf-apertura-fase1-feature-initial-import, type=PREDICT}
Account{name=sf-apertura-fase1-feature-initial-import, path=C:/Users/aortega/Documents/UiPath/oportunidad-generar-core-v2/Info complementaria/sf-apertura-fase1-feature-initial-import/sf-apertura-fase1-feature-initial-import, type=PREDICT}
Account{name=sf-cierre-fase1-develop, path=C:/Users/aortega/Documents/UiPath/oportunidad-generar-core-v2/Info complementaria/sf-cierre-fase1-develop, type=PREDICT}
Account{name=remotes, path=C:/Users/aortega/Documents/UiPath/oportunidad-generar-core-v2/.git/logs/refs/remotes, type=PREDICT}
Account{name=..., path=..., type=PREDICT}
2026-04-29 13:40:27.063 [pool-3-thread-1] INFO  com.rs.mv.mvvs.client.account.AccountManager - [client:40010105]load account manager finish
2026-04-29 13:40:27.065 [pool-3-thread-1] INFO  com.rs.mv.mvvs.instance.userspace.UserspaceManager - [framework:30010402]config file(C:\Users\aortega/.rmv/config) watcher launch successful
2026-04-29 18:04:27.518 [main] INFO  com.rs.mv.mvvs.Startup - [LSP:100101]ROCKET MV BASIC EXTENSION to start
2026-04-29 18:04:27.562 [main] INFO  com.rs.mv.mvvs.lsp.server.BasicLanguageServerLauncher - [LSP:100102]start pip server
2026-04-29 18:04:27.812 [main] INFO  com.rs.mv.mvvs.lsp.server.BasicLanguageServerLauncher - [LSP:100103]ROCKET MV BASIC EXTENSION start successful
2026-04-29 18:04:28.015 [pool-3-thread-1] INFO  com.rs.mv.mvvs.instance.workspace.WorkspaceManager - [workspace:200101]load all workspace folders start
2026-04-29 18:04:28.017 [pool-3-thread-1] INFO  com.rs.mv.mvvs.instance.workspace.WorkspaceManager - [workspace:20010201]root uri: file:///c%3A/Users/aortega/Documents/UiPath/oportunidad-generar-core-v2
2026-04-29 18:04:28.019 [pool-3-thread-1] INFO  com.rs.mv.mvvs.instance.workspace.handler.FolderHandler - [workspace:200103]workspace contains workspace folder: file:///c%3A/Users/aortega/Documents/UiPath/oportunidad-generar-core-v2
2026-04-29 18:04:28.065 [pool-3-thread-1] INFO  com.rs.mv.mvvs.instance.workspace.handler.FolderHandler - [workspace:200104]workspace folder will be cached: file:///c%3A/Users/aortega/Documents/UiPath/oportunidad-generar-core-v2
2026-04-29 18:04:28.067 [pool-3-thread-1] INFO  com.rs.mv.mvvs.rmv.config.Config - [framework:30010101]config load start
2026-04-29 18:04:28.068 [pool-3-thread-1] INFO  com.rs.mv.mvvs.rmv.config.Config - [framework:30010102]project config path is : C:/Users/aortega/Documents/UiPath/oportunidad-generar-core-v2/.rmv/config
2026-04-29 18:04:28.069 [pool-3-thread-1] INFO  com.rs.mv.mvvs.rmv.config.Config - [framework:30010103]resource config path is : /
2026-04-29 18:04:28.069 [pool-3-thread-1] INFO  com.rs.mv.mvvs.rmv.config.Config - [framework:30010104]user config path is : C:/Users/aortega
2026-04-29 18:04:28.096 [pool-3-thread-1] INFO  com.rs.mv.mvvs.rmv.config.Config - [framework:30010105]config load end
2026-04-29 18:04:28.100 [pool-3-thread-1] INFO  com.rs.mv.mvvs.rmv.documentation.BasicDocumentation - [framework:30020101]documentation load start
2026-04-29 18:04:28.103 [pool-3-thread-1] INFO  com.rs.mv.mvvs.rmv.documentation.reader.SystemDocReader - [framework:30020102]system documentation path: /documentation/UNIVERSE/
2026-04-29 18:04:28.108 [pool-3-thread-1] INFO  com.rs.mv.mvvs.rmv.documentation.reader.ProjectDocReader - [framework:30020103]project documentation brief file: C:\Users\aortega\Documents\UiPath\oportunidad-generar-core-v2\.rmv\documentation\UNIVERSE\custom.json
2026-04-29 18:04:28.111 [pool-3-thread-1] INFO  com.rs.mv.mvvs.rmv.documentation.reader.UserDocReader - [framework:30020104]user documentation brief file: C:\Users\aortega\documentation\UNIVERSE\custom.json
2026-04-29 18:04:28.264 [pool-3-thread-1] INFO  com.rs.mv.mvvs.rmv.documentation.BasicDocumentation - [framework:30020105]documentation load end
2026-04-29 18:04:28.276 [pool-3-thread-1] INFO  com.rs.mv.mvvs.common.convertor.ConvertorManager - [framework:30030101]convertors for folder(C:/Users/aortega/Documents/UiPath/oportunidad-generar-core-v2) load start
2026-04-29 18:04:28.288 [pool-3-thread-1] INFO  com.rs.mv.mvvs.common.convertor.ConvertorManager - [framework:30030102]comment convertor load finish
2026-04-29 18:04:28.827 [pool-3-thread-1] INFO  com.rs.mv.mvvs.common.convertor.ConvertorManager - [framework:30030103]keyword convertor load finish
2026-04-29 18:04:28.835 [pool-3-thread-1] INFO  com.rs.mv.mvvs.common.convertor.ConvertorManager - [framework:30030104]operator convertor load finish
2026-04-29 18:04:28.836 [pool-3-thread-1] INFO  com.rs.mv.mvvs.common.convertor.ConvertorManager - [framework:30030105]function name convertor load finish
2026-04-29 18:04:28.837 [pool-3-thread-1] INFO  com.rs.mv.mvvs.common.convertor.ConvertorManager - [framework:30030106]atVariable convertor load finish
2026-04-29 18:04:28.838 [pool-3-thread-1] INFO  com.rs.mv.mvvs.common.convertor.ConvertorManager - [framework:30030107]convertors for folder(C:/Users/aortega/Documents/UiPath/oportunidad-generar-core-v2) load end
2026-04-29 18:04:28.841 [pool-3-thread-1] INFO  com.rs.mv.mvvs.rmv.config.CapabilityConfig - [framework:30010301]capabilities file(C:/Users/aortega/Documents/UiPath/oportunidad-generar-core-v2/config/capability) doesn't exist or read error, default config will take effect
2026-04-29 18:04:28.842 [pool-3-thread-1] INFO  com.rs.mv.mvvs.instance.workspace.WorkspaceManager - [workspace:200105]load all workspace folders successful
2026-04-29 18:04:28.847 [pool-3-thread-1] INFO  com.rs.mv.mvvs.client.account.AccountManager - [client:40010101]load account manager start
2026-04-29 18:04:28.881 [pool-3-thread-1] INFO  com.rs.mv.mvvs.client.account.handler.CacheAccountHandler - [client:40010102]load cache account: 
2026-04-29 18:04:28.888 [pool-3-thread-1] INFO  com.rs.mv.mvvs.client.account.handler.ExternalAccountHandler - [client:40010103]load external account: 
2026-04-29 18:04:29.064 [pool-3-thread-1] INFO  com.rs.mv.mvvs.client.catalog.manager.U2CatalogManager - [client:400203]cache file auto update thread launch in oportunidad-generar-core-v2 account
2026-04-29 18:04:29.074 [pool-3-thread-1] INFO  com.rs.mv.mvvs.client.catalog.from.config.DirsConfigReader - [client:400206]parse dir config information
2026-04-29 18:04:29.075 [pool-3-thread-1] INFO  com.rs.mv.mvvs.client.catalog.from.config.MappingConfigReader - [client:400207]parse mapping config information
2026-04-29 18:04:29.077 [pool-3-thread-1] INFO  com.rs.mv.mvvs.client.catalog.manager.U2CatalogManager - [client:400202]start a schedule task to get global/local catalog for oportunidad-generar-core-v2, its period 5s 
2026-04-29 18:04:29.078 [pool-3-thread-1] INFO  com.rs.mv.mvvs.client.catalog.manager.U2CatalogManager - [client:400203]cache file auto update thread launch in .git account
2026-04-29 18:04:29.078 [pool-3-thread-1] INFO  com.rs.mv.mvvs.client.catalog.from.config.DirsConfigReader - [client:400206]parse dir config information
2026-04-29 18:04:29.078 [pool-3-thread-1] INFO  com.rs.mv.mvvs.client.catalog.from.config.MappingConfigReader - [client:400207]parse mapping config information
2026-04-29 18:04:29.079 [pool-3-thread-1] INFO  com.rs.mv.mvvs.client.catalog.manager.U2CatalogManager - [client:400202]start a schedule task to get global/local catalog for .git, its period 5s 
2026-04-29 18:04:29.079 [pool-3-thread-1] INFO  com.rs.mv.mvvs.client.catalog.manager.U2CatalogManager - [client:400203]cache file auto update thread launch in logs account
2026-04-29 18:04:29.080 [pool-3-thread-1] INFO  com.rs.mv.mvvs.client.catalog.from.config.DirsConfigReader - [client:400206]parse dir config information
2026-04-29 18:04:29.081 [pool-3-thread-1] INFO  com.rs.mv.mvvs.client.catalog.from.config.MappingConfigReader - [client:400207]parse mapping config information
2026-04-29 18:04:29.082 [pool-3-thread-1] INFO  com.rs.mv.mvvs.client.catalog.manager.U2CatalogManager - [client:400202]start a schedule task to get global/local catalog for logs, its period 5s 
2026-04-29 18:04:29.082 [pool-3-thread-1] INFO  com.rs.mv.mvvs.client.catalog.manager.U2CatalogManager - [client:400203]cache file auto update thread launch in refs account
2026-04-29 18:04:29.083 [pool-3-thread-1] INFO  com.rs.mv.mvvs.client.catalog.from.config.DirsConfigReader - [client:400206]parse dir config information
2026-04-29 18:04:29.083 [pool-3-thread-1] INFO  com.rs.mv.mvvs.client.catalog.from.config.MappingConfigReader - [client:400207]parse mapping config information
2026-04-29 18:04:29.083 [pool-3-thread-1] INFO  com.rs.mv.mvvs.client.catalog.manager.U2CatalogManager - [client:400202]start a schedule task to get global/local catalog for refs, its period 5s 
2026-04-29 18:04:29.084 [pool-3-thread-1] INFO  com.rs.mv.mvvs.client.catalog.manager.U2CatalogManager - [client:400203]cache file auto update thread launch in remotes account
2026-04-29 18:04:29.084 [pool-3-thread-1] INFO  com.rs.mv.mvvs.client.catalog.from.config.DirsConfigReader - [client:400206]parse dir config information
2026-04-29 18:04:29.084 [pool-3-thread-1] INFO  com.rs.mv.mvvs.client.catalog.from.config.MappingConfigReader - [client:400207]parse mapping config information
2026-04-29 18:04:29.085 [pool-3-thread-1] INFO  com.rs.mv.mvvs.client.catalog.manager.U2CatalogManager - [client:400202]start a schedule task to get global/local catalog for remotes, its period 5s 
2026-04-29 18:04:29.085 [pool-3-thread-1] INFO  com.rs.mv.mvvs.client.catalog.manager.U2CatalogManager - [client:400203]cache file auto update thread launch in objects account
2026-04-29 18:04:29.086 [pool-3-thread-1] INFO  com.rs.mv.mvvs.client.catalog.from.config.DirsConfigReader - [client:400206]parse dir config information
2026-04-29 18:04:29.086 [pool-3-thread-1] INFO  com.rs.mv.mvvs.client.catalog.from.config.MappingConfigReader - [client:400207]parse mapping config information
2026-04-29 18:04:29.086 [pool-3-thread-1] INFO  com.rs.mv.mvvs.client.catalog.manager.U2CatalogManager - [client:400202]start a schedule task to get global/local catalog for objects, its period 5s 
2026-04-29 18:04:29.087 [pool-3-thread-1] INFO  com.rs.mv.mvvs.client.catalog.manager.U2CatalogManager - [client:400203]cache file auto update thread launch in refs account
2026-04-29 18:04:29.087 [pool-3-thread-1] INFO  com.rs.mv.mvvs.client.catalog.from.config.DirsConfigReader - [client:400206]parse dir config information
2026-04-29 18:04:29.087 [pool-3-thread-1] INFO  com.rs.mv.mvvs.client.catalog.from.config.MappingConfigReader - [client:400207]parse mapping config information
2026-04-29 18:04:29.088 [pool-3-thread-1] INFO  com.rs.mv.mvvs.client.catalog.manager.U2CatalogManager - [client:400202]start a schedule task to get global/local catalog for refs, its period 5s 
2026-04-29 18:04:29.088 [pool-3-thread-1] INFO  com.rs.mv.mvvs.client.catalog.manager.U2CatalogManager - [client:400203]cache file auto update thread launch in remotes account
2026-04-29 18:04:29.088 [pool-3-thread-1] INFO  com.rs.mv.mvvs.client.catalog.from.config.DirsConfigReader - [client:400206]parse dir config information
2026-04-29 18:04:29.089 [pool-3-thread-1] INFO  com.rs.mv.mvvs.client.catalog.from.config.MappingConfigReader - [client:400207]parse mapping config information
2026-04-29 18:04:29.089 [pool-3-thread-1] INFO  com.rs.mv.mvvs.client.catalog.manager.U2CatalogManager - [client:400202]start a schedule task to get global/local catalog for remotes, its period 5s 
2026-04-29 18:04:29.090 [pool-3-thread-1] INFO  com.rs.mv.mvvs.client.catalog.manager.U2CatalogManager - [client:400203]cache file auto update thread launch in .local account
2026-04-29 18:04:29.090 [pool-3-thread-1] INFO  com.rs.mv.mvvs.client.catalog.from.config.DirsConfigReader - [client:400206]parse dir config information
2026-04-29 18:04:29.091 [pool-3-thread-1] INFO  com.rs.mv.mvvs.client.catalog.from.config.MappingConfigReader - [client:400207]parse mapping config information
2026-04-29 18:04:29.091 [pool-3-thread-1] INFO  com.rs.mv.mvvs.client.catalog.manager.U2CatalogManager - [client:400202]start a schedule task to get global/local catalog for .local, its period 5s 
2026-04-29 18:04:29.092 [pool-3-thread-1] INFO  com.rs.mv.mvvs.client.catalog.manager.U2CatalogManager - [client:400203]cache file auto update thread launch in .globalvariables account
2026-04-29 18:04:29.092 [pool-3-thread-1] INFO  com.rs.mv.mvvs.client.catalog.from.config.DirsConfigReader - [client:400206]parse dir config information
2026-04-29 18:04:29.093 [pool-3-thread-1] INFO  com.rs.mv.mvvs.client.catalog.from.config.MappingConfigReader - [client:400207]parse mapping config information
2026-04-29 18:04:29.093 [pool-3-thread-1] INFO  com.rs.mv.mvvs.client.catalog.manager.U2CatalogManager - [client:400202]start a schedule task to get global/local catalog for .globalvariables, its period 5s 
2026-04-29 18:04:29.093 [pool-3-thread-1] INFO  com.rs.mv.mvvs.client.catalog.manager.U2CatalogManager - [client:400203]cache file auto update thread launch in .settings account
2026-04-29 18:04:29.094 [pool-3-thread-1] INFO  com.rs.mv.mvvs.client.catalog.from.config.DirsConfigReader - [client:400206]parse dir config information
2026-04-29 18:04:29.094 [pool-3-thread-1] INFO  com.rs.mv.mvvs.client.catalog.from.config.MappingConfigReader - [client:400207]parse mapping config information
2026-04-29 18:04:29.094 [pool-3-thread-1] INFO  com.rs.mv.mvvs.client.catalog.manager.U2CatalogManager - [client:400202]start a schedule task to get global/local catalog for .settings, its period 5s 
2026-04-29 18:04:29.096 [pool-3-thread-1] INFO  com.rs.mv.mvvs.client.catalog.manager.U2CatalogManager - [client:400203]cache file auto update thread launch in Info complementaria account
2026-04-29 18:04:29.096 [pool-3-thread-1] INFO  com.rs.mv.mvvs.client.catalog.from.config.DirsConfigReader - [client:400206]parse dir config information
2026-04-29 18:04:29.096 [pool-3-thread-1] INFO  com.rs.mv.mvvs.client.catalog.from.config.MappingConfigReader - [client:400207]parse mapping config information
2026-04-29 18:04:29.097 [pool-3-thread-1] INFO  com.rs.mv.mvvs.client.catalog.manager.U2CatalogManager - [client:400202]start a schedule task to get global/local catalog for Info complementaria, its period 5s 
2026-04-29 18:04:29.097 [pool-3-thread-1] INFO  com.rs.mv.mvvs.client.catalog.manager.U2CatalogManager - [client:400203]cache file auto update thread launch in core-from-ppo-uipath-modular-readable-invokecode account
2026-04-29 18:04:29.098 [pool-3-thread-1] INFO  com.rs.mv.mvvs.client.catalog.from.config.DirsConfigReader - [client:400206]parse dir config information
2026-04-29 18:04:29.098 [pool-3-thread-1] INFO  com.rs.mv.mvvs.client.catalog.from.config.MappingConfigReader - [client:400207]parse mapping config information
2026-04-29 18:04:29.098 [pool-3-thread-1] INFO  com.rs.mv.mvvs.client.catalog.manager.U2CatalogManager - [client:400202]start a schedule task to get global/local catalog for core-from-ppo-uipath-modular-readable-invokecode, its period 5s 
2026-04-29 18:04:29.099 [pool-3-thread-1] INFO  com.rs.mv.mvvs.client.catalog.manager.U2CatalogManager - [client:400203]cache file auto update thread launch in Getronics account
2026-04-29 18:04:29.099 [pool-3-thread-1] INFO  com.rs.mv.mvvs.client.catalog.from.config.DirsConfigReader - [client:400206]parse dir config information
2026-04-29 18:04:29.099 [pool-3-thread-1] INFO  com.rs.mv.mvvs.client.catalog.from.config.MappingConfigReader - [client:400207]parse mapping config information
2026-04-29 18:04:29.100 [pool-3-thread-1] INFO  com.rs.mv.mvvs.client.catalog.manager.U2CatalogManager - [client:400202]start a schedule task to get global/local catalog for Getronics, its period 5s 
2026-04-29 18:04:29.100 [pool-3-thread-1] INFO  com.rs.mv.mvvs.client.catalog.manager.U2CatalogManager - [client:400203]cache file auto update thread launch in sf-apertura-fase1-feature-initial-import account
2026-04-29 18:04:29.101 [pool-3-thread-1] INFO  com.rs.mv.mvvs.client.catalog.from.config.DirsConfigReader - [client:400206]parse dir config information
2026-04-29 18:04:29.101 [pool-3-thread-1] INFO  com.rs.mv.mvvs.client.catalog.from.config.MappingConfigReader - [client:400207]parse mapping config information
2026-04-29 18:04:29.101 [pool-3-thread-1] INFO  com.rs.mv.mvvs.client.catalog.manager.U2CatalogManager - [client:400202]start a schedule task to get global/local catalog for sf-apertura-fase1-feature-initial-import, its period 5s 
2026-04-29 18:04:29.102 [pool-3-thread-1] INFO  com.rs.mv.mvvs.client.catalog.manager.U2CatalogManager - [client:400203]cache file auto update thread launch in sf-apertura-fase1-feature-initial-import account
2026-04-29 18:04:29.102 [pool-3-thread-1] INFO  com.rs.mv.mvvs.client.catalog.from.config.DirsConfigReader - [client:400206]parse dir config information
2026-04-29 18:04:29.102 [pool-3-thread-1] INFO  com.rs.mv.mvvs.client.catalog.from.config.MappingConfigReader - [client:400207]parse mapping config information
2026-04-29 18:04:29.103 [pool-3-thread-1] INFO  com.rs.mv.mvvs.client.catalog.manager.U2CatalogManager - [client:400202]start a schedule task to get global/local catalog for sf-apertura-fase1-feature-initial-import, its period 5s 
2026-04-29 18:04:29.104 [pool-3-thread-1] INFO  com.rs.mv.mvvs.client.catalog.manager.U2CatalogManager - [client:400203]cache file auto update thread launch in sf-cierre-fase1-develop account
2026-04-29 18:04:29.104 [pool-3-thread-1] INFO  com.rs.mv.mvvs.client.catalog.from.config.DirsConfigReader - [client:400206]parse dir config information
2026-04-29 18:04:29.104 [pool-3-thread-1] INFO  com.rs.mv.mvvs.client.catalog.from.config.MappingConfigReader - [client:400207]parse mapping config information
2026-04-29 18:04:29.105 [pool-3-thread-1] INFO  com.rs.mv.mvvs.client.catalog.manager.U2CatalogManager - [client:400202]start a schedule task to get global/local catalog for sf-cierre-fase1-develop, its period 5s 
2026-04-29 18:04:29.105 [pool-3-thread-1] INFO  com.rs.mv.mvvs.client.catalog.manager.U2CatalogManager - [client:400203]cache file auto update thread launch in sf-cierre-fase2-develop account
2026-04-29 18:04:29.106 [pool-3-thread-1] INFO  com.rs.mv.mvvs.client.catalog.from.config.DirsConfigReader - [client:400206]parse dir config information
2026-04-29 18:04:29.106 [pool-3-thread-1] INFO  com.rs.mv.mvvs.client.catalog.from.config.MappingConfigReader - [client:400207]parse mapping config information
2026-04-29 18:04:29.106 [pool-3-thread-1] INFO  com.rs.mv.mvvs.client.catalog.manager.U2CatalogManager - [client:400202]start a schedule task to get global/local catalog for sf-cierre-fase2-develop, its period 5s 
2026-04-29 18:04:29.107 [pool-3-thread-1] INFO  com.rs.mv.mvvs.client.catalog.manager.U2CatalogManager - [client:400203]cache file auto update thread launch in sf-cierre-fase2-develop account
2026-04-29 18:04:29.107 [pool-3-thread-1] INFO  com.rs.mv.mvvs.client.catalog.from.config.DirsConfigReader - [client:400206]parse dir config information
2026-04-29 18:04:29.108 [pool-3-thread-1] INFO  com.rs.mv.mvvs.client.catalog.from.config.MappingConfigReader - [client:400207]parse mapping config information
2026-04-29 18:04:29.108 [pool-3-thread-1] INFO  com.rs.mv.mvvs.client.catalog.manager.U2CatalogManager - [client:400202]start a schedule task to get global/local catalog for sf-cierre-fase2-develop, its period 5s 
2026-04-29 18:04:29.110 [pool-3-thread-1] INFO  com.rs.mv.mvvs.client.catalog.manager.U2CatalogManager - [client:400203]cache file auto update thread launch in sf-forecast-fase1-develop account
2026-04-29 18:04:29.110 [pool-3-thread-1] INFO  com.rs.mv.mvvs.client.catalog.from.config.DirsConfigReader - [client:400206]parse dir config information
2026-04-29 18:04:29.111 [pool-3-thread-1] INFO  com.rs.mv.mvvs.client.catalog.from.config.MappingConfigReader - [client:400207]parse mapping config information
2026-04-29 18:04:29.112 [pool-3-thread-1] INFO  com.rs.mv.mvvs.client.catalog.manager.U2CatalogManager - [client:400202]start a schedule task to get global/local catalog for sf-forecast-fase1-develop, its period 5s 
2026-04-29 18:04:29.113 [pool-3-thread-1] INFO  com.rs.mv.mvvs.rmv.documentation.BasicDocumentation - [framework:30020101]documentation load start
2026-04-29 18:04:29.114 [pool-3-thread-1] INFO  com.rs.mv.mvvs.rmv.documentation.reader.SystemDocReader - [framework:30020102]system documentation path: /documentation/UNIVERSE/
2026-04-29 18:04:29.114 [pool-3-thread-1] INFO  com.rs.mv.mvvs.rmv.documentation.reader.ProjectDocReader - [framework:30020103]project documentation brief file: custom.json
2026-04-29 18:04:29.115 [pool-3-thread-1] INFO  com.rs.mv.mvvs.rmv.documentation.reader.UserDocReader - [framework:30020104]user documentation brief file: C:\Users\aortega\documentation\UNIVERSE\custom.json
2026-04-29 18:04:29.145 [pool-3-thread-1] INFO  com.rs.mv.mvvs.rmv.documentation.BasicDocumentation - [framework:30020105]documentation load end
2026-04-29 18:04:29.149 [pool-3-thread-1] INFO  com.rs.mv.mvvs.common.convertor.ConvertorManager - [framework:30030101]convertors for folder(*) load start
2026-04-29 18:04:29.150 [pool-3-thread-1] INFO  com.rs.mv.mvvs.common.convertor.ConvertorManager - [framework:30030102]comment convertor load finish
2026-04-29 18:04:29.172 [pool-3-thread-1] INFO  com.rs.mv.mvvs.common.convertor.ConvertorManager - [framework:30030103]keyword convertor load finish
2026-04-29 18:04:29.176 [pool-3-thread-1] INFO  com.rs.mv.mvvs.common.convertor.ConvertorManager - [framework:30030104]operator convertor load finish
2026-04-29 18:04:29.177 [pool-3-thread-1] INFO  com.rs.mv.mvvs.common.convertor.ConvertorManager - [framework:30030105]function name convertor load finish
2026-04-29 18:04:29.177 [pool-3-thread-1] INFO  com.rs.mv.mvvs.common.convertor.ConvertorManager - [framework:30030106]atVariable convertor load finish
2026-04-29 18:04:29.178 [pool-3-thread-1] INFO  com.rs.mv.mvvs.common.convertor.ConvertorManager - [framework:30030107]convertors for folder(*) load end
2026-04-29 18:04:29.179 [pool-3-thread-1] INFO  com.rs.mv.mvvs.client.catalog.manager.U2CatalogManager - [client:400203]cache file auto update thread launch in ... account
2026-04-29 18:04:29.180 [pool-3-thread-1] INFO  com.rs.mv.mvvs.client.catalog.from.config.DirsConfigReader - [client:400206]parse dir config information
2026-04-29 18:04:29.181 [pool-3-thread-1] INFO  com.rs.mv.mvvs.client.catalog.from.config.MappingConfigReader - [client:400207]parse mapping config information
2026-04-29 18:04:29.182 [pool-3-thread-1] INFO  com.rs.mv.mvvs.client.catalog.manager.U2CatalogManager - [client:400202]start a schedule task to get global/local catalog for ..., its period 5s 
2026-04-29 18:04:29.201 [pool-3-thread-1] INFO  com.rs.mv.mvvs.client.account.handler.ServerAccountHandler - [client:40010104]load server account: Account{name=.globalvariables, path=C:/Users/aortega/Documents/UiPath/oportunidad-generar-core-v2/.local/.globalvariables, type=PREDICT}
Account{name=sf-forecast-fase1-develop, path=C:/Users/aortega/Documents/UiPath/oportunidad-generar-core-v2/Info complementaria/sf-forecast-fase1-develop, type=PREDICT}
Account{name=oportunidad-generar-core-v2, path=C:/Users/aortega/Documents/UiPath/oportunidad-generar-core-v2, type=PREDICT}
Account{name=refs, path=C:/Users/aortega/Documents/UiPath/oportunidad-generar-core-v2/.git/refs, type=PREDICT}
Account{name=.settings, path=C:/Users/aortega/Documents/UiPath/oportunidad-generar-core-v2/.settings, type=PREDICT}
Account{name=Getronics, path=C:/Users/aortega/Documents/UiPath/oportunidad-generar-core-v2/Info complementaria/core-from-ppo-uipath-modular-readable-invokecode/Getronics, type=PREDICT}
Account{name=core-from-ppo-uipath-modular-readable-invokecode, path=C:/Users/aortega/Documents/UiPath/oportunidad-generar-core-v2/Info complementaria/core-from-ppo-uipath-modular-readable-invokecode, type=PREDICT}
Account{name=sf-cierre-fase2-develop, path=C:/Users/aortega/Documents/UiPath/oportunidad-generar-core-v2/Info complementaria/sf-cierre-fase2-develop, type=PREDICT}
Account{name=.local, path=C:/Users/aortega/Documents/UiPath/oportunidad-generar-core-v2/.local, type=PREDICT}
Account{name=objects, path=C:/Users/aortega/Documents/UiPath/oportunidad-generar-core-v2/.git/objects, type=PREDICT}
Account{name=logs, path=C:/Users/aortega/Documents/UiPath/oportunidad-generar-core-v2/.git/logs, type=PREDICT}
Account{name=refs, path=C:/Users/aortega/Documents/UiPath/oportunidad-generar-core-v2/.git/logs/refs, type=PREDICT}
Account{name=.git, path=C:/Users/aortega/Documents/UiPath/oportunidad-generar-core-v2/.git, type=PREDICT}
Account{name=sf-cierre-fase2-develop, path=C:/Users/aortega/Documents/UiPath/oportunidad-generar-core-v2/Info complementaria/sf-cierre-fase2-develop/sf-cierre-fase2-develop, type=PREDICT}
Account{name=remotes, path=C:/Users/aortega/Documents/UiPath/oportunidad-generar-core-v2/.git/refs/remotes, type=PREDICT}
Account{name=Info complementaria, path=C:/Users/aortega/Documents/UiPath/oportunidad-generar-core-v2/Info complementaria, type=PREDICT}
Account{name=sf-apertura-fase1-feature-initial-import, path=C:/Users/aortega/Documents/UiPath/oportunidad-generar-core-v2/Info complementaria/sf-apertura-fase1-feature-initial-import, type=PREDICT}
Account{name=sf-apertura-fase1-feature-initial-import, path=C:/Users/aortega/Documents/UiPath/oportunidad-generar-core-v2/Info complementaria/sf-apertura-fase1-feature-initial-import/sf-apertura-fase1-feature-initial-import, type=PREDICT}
Account{name=sf-cierre-fase1-develop, path=C:/Users/aortega/Documents/UiPath/oportunidad-generar-core-v2/Info complementaria/sf-cierre-fase1-develop, type=PREDICT}
Account{name=remotes, path=C:/Users/aortega/Documents/UiPath/oportunidad-generar-core-v2/.git/logs/refs/remotes, type=PREDICT}
Account{name=..., path=..., type=PREDICT}
2026-04-29 18:04:29.201 [pool-3-thread-1] INFO  com.rs.mv.mvvs.client.account.AccountManager - [client:40010105]load account manager finish
2026-04-29 18:04:29.204 [pool-3-thread-1] INFO  com.rs.mv.mvvs.instance.userspace.UserspaceManager - [framework:30010402]config file(C:\Users\aortega/.rmv/config) watcher launch successful
