2026-05-08 19:21:02.081 [main] INFO  com.rs.mv.mvvs.Startup - [LSP:100101]ROCKET MV BASIC EXTENSION to start
2026-05-08 19:21:02.169 [main] INFO  com.rs.mv.mvvs.lsp.server.BasicLanguageServerLauncher - [LSP:100102]start pip server
2026-05-11 03:15:07.946 [main] INFO  com.rs.mv.mvvs.Startup - [LSP:100101]ROCKET MV BASIC EXTENSION to start
2026-05-11 03:15:08.019 [main] INFO  com.rs.mv.mvvs.lsp.server.BasicLanguageServerLauncher - [LSP:100102]start pip server
2026-05-11 03:15:08.249 [main] INFO  com.rs.mv.mvvs.lsp.server.BasicLanguageServerLauncher - [LSP:100103]ROCKET MV BASIC EXTENSION start successful
2026-05-11 03:15:08.380 [pool-3-thread-1] INFO  com.rs.mv.mvvs.instance.workspace.WorkspaceManager - [workspace:200101]load all workspace folders start
2026-05-11 03:15:08.380 [pool-3-thread-1] INFO  com.rs.mv.mvvs.instance.workspace.WorkspaceManager - [workspace:20010201]root uri: file:///c%3A/Users/aortega/Documents/UiPath/oportunidad-generar-core-v3
2026-05-11 03:15:08.380 [pool-3-thread-1] INFO  com.rs.mv.mvvs.instance.workspace.handler.FolderHandler - [workspace:200103]workspace contains workspace folder: file:///c%3A/Users/aortega/Documents/UiPath/oportunidad-generar-core-v3
2026-05-11 03:15:08.419 [pool-3-thread-1] INFO  com.rs.mv.mvvs.instance.workspace.handler.FolderHandler - [workspace:200104]workspace folder will be cached: file:///c%3A/Users/aortega/Documents/UiPath/oportunidad-generar-core-v3
2026-05-11 03:15:08.423 [pool-3-thread-1] INFO  com.rs.mv.mvvs.rmv.config.Config - [framework:30010101]config load start
2026-05-11 03:15:08.423 [pool-3-thread-1] INFO  com.rs.mv.mvvs.rmv.config.Config - [framework:30010102]project config path is : C:/Users/aortega/Documents/UiPath/oportunidad-generar-core-v3/.rmv/config
2026-05-11 03:15:08.424 [pool-3-thread-1] INFO  com.rs.mv.mvvs.rmv.config.Config - [framework:30010103]resource config path is : /
2026-05-11 03:15:08.424 [pool-3-thread-1] INFO  com.rs.mv.mvvs.rmv.config.Config - [framework:30010104]user config path is : C:/Users/aortega
2026-05-11 03:15:08.440 [pool-3-thread-1] INFO  com.rs.mv.mvvs.rmv.config.Config - [framework:30010105]config load end
2026-05-11 03:15:08.448 [pool-3-thread-1] INFO  com.rs.mv.mvvs.rmv.documentation.BasicDocumentation - [framework:30020101]documentation load start
2026-05-11 03:15:08.451 [pool-3-thread-1] INFO  com.rs.mv.mvvs.rmv.documentation.reader.SystemDocReader - [framework:30020102]system documentation path: /documentation/UNIVERSE/
2026-05-11 03:15:08.456 [pool-3-thread-1] INFO  com.rs.mv.mvvs.rmv.documentation.reader.ProjectDocReader - [framework:30020103]project documentation brief file: C:\Users\aortega\Documents\UiPath\oportunidad-generar-core-v3\.rmv\documentation\UNIVERSE\custom.json
2026-05-11 03:15:08.457 [pool-3-thread-1] INFO  com.rs.mv.mvvs.rmv.documentation.reader.UserDocReader - [framework:30020104]user documentation brief file: C:\Users\aortega\documentation\UNIVERSE\custom.json
2026-05-11 03:15:08.600 [pool-3-thread-1] INFO  com.rs.mv.mvvs.rmv.documentation.BasicDocumentation - [framework:30020105]documentation load end
2026-05-11 03:15:08.612 [pool-3-thread-1] INFO  com.rs.mv.mvvs.common.convertor.ConvertorManager - [framework:30030101]convertors for folder(C:/Users/aortega/Documents/UiPath/oportunidad-generar-core-v3) load start
2026-05-11 03:15:08.622 [pool-3-thread-1] INFO  com.rs.mv.mvvs.common.convertor.ConvertorManager - [framework:30030102]comment convertor load finish
2026-05-11 03:15:09.000 [pool-3-thread-1] INFO  com.rs.mv.mvvs.common.convertor.ConvertorManager - [framework:30030103]keyword convertor load finish
2026-05-11 03:15:09.006 [pool-3-thread-1] INFO  com.rs.mv.mvvs.common.convertor.ConvertorManager - [framework:30030104]operator convertor load finish
2026-05-11 03:15:09.008 [pool-3-thread-1] INFO  com.rs.mv.mvvs.common.convertor.ConvertorManager - [framework:30030105]function name convertor load finish
2026-05-11 03:15:09.008 [pool-3-thread-1] INFO  com.rs.mv.mvvs.common.convertor.ConvertorManager - [framework:30030106]atVariable convertor load finish
2026-05-11 03:15:09.008 [pool-3-thread-1] INFO  com.rs.mv.mvvs.common.convertor.ConvertorManager - [framework:30030107]convertors for folder(C:/Users/aortega/Documents/UiPath/oportunidad-generar-core-v3) load end
2026-05-11 03:15:09.012 [pool-3-thread-1] INFO  com.rs.mv.mvvs.rmv.config.CapabilityConfig - [framework:30010301]capabilities file(C:/Users/aortega/Documents/UiPath/oportunidad-generar-core-v3/config/capability) doesn't exist or read error, default config will take effect
2026-05-11 03:15:09.013 [pool-3-thread-1] INFO  com.rs.mv.mvvs.instance.workspace.WorkspaceManager - [workspace:200105]load all workspace folders successful
2026-05-11 03:15:09.019 [pool-3-thread-1] INFO  com.rs.mv.mvvs.client.account.AccountManager - [client:40010101]load account manager start
2026-05-11 03:15:09.048 [pool-3-thread-1] INFO  com.rs.mv.mvvs.client.account.handler.CacheAccountHandler - [client:40010102]load cache account: 
2026-05-11 03:15:09.052 [pool-3-thread-1] INFO  com.rs.mv.mvvs.client.account.handler.ExternalAccountHandler - [client:40010103]load external account: 
2026-05-11 03:15:09.132 [pool-3-thread-1] INFO  com.rs.mv.mvvs.client.catalog.manager.U2CatalogManager - [client:400203]cache file auto update thread launch in oportunidad-generar-core-v3 account
2026-05-11 03:15:09.141 [pool-3-thread-1] INFO  com.rs.mv.mvvs.client.catalog.from.config.DirsConfigReader - [client:400206]parse dir config information
2026-05-11 03:15:09.148 [pool-3-thread-1] INFO  com.rs.mv.mvvs.client.catalog.from.config.MappingConfigReader - [client:400207]parse mapping config information
2026-05-11 03:15:09.150 [pool-3-thread-1] INFO  com.rs.mv.mvvs.client.catalog.manager.U2CatalogManager - [client:400202]start a schedule task to get global/local catalog for oportunidad-generar-core-v3, its period 5s 
2026-05-11 03:15:09.150 [pool-3-thread-1] INFO  com.rs.mv.mvvs.client.catalog.manager.U2CatalogManager - [client:400203]cache file auto update thread launch in .local account
2026-05-11 03:15:09.154 [pool-3-thread-1] INFO  com.rs.mv.mvvs.client.catalog.from.config.DirsConfigReader - [client:400206]parse dir config information
2026-05-11 03:15:09.154 [pool-3-thread-1] INFO  com.rs.mv.mvvs.client.catalog.from.config.MappingConfigReader - [client:400207]parse mapping config information
2026-05-11 03:15:09.154 [pool-3-thread-1] INFO  com.rs.mv.mvvs.client.catalog.manager.U2CatalogManager - [client:400202]start a schedule task to get global/local catalog for .local, its period 5s 
2026-05-11 03:15:09.156 [pool-3-thread-1] INFO  com.rs.mv.mvvs.client.catalog.manager.U2CatalogManager - [client:400203]cache file auto update thread launch in .codedworkflows account
2026-05-11 03:15:09.156 [pool-3-thread-1] INFO  com.rs.mv.mvvs.client.catalog.from.config.DirsConfigReader - [client:400206]parse dir config information
2026-05-11 03:15:09.156 [pool-3-thread-1] INFO  com.rs.mv.mvvs.client.catalog.from.config.MappingConfigReader - [client:400207]parse mapping config information
2026-05-11 03:15:09.156 [pool-3-thread-1] INFO  com.rs.mv.mvvs.client.catalog.manager.U2CatalogManager - [client:400202]start a schedule task to get global/local catalog for .codedworkflows, its period 5s 
2026-05-11 03:15:09.156 [pool-3-thread-1] INFO  com.rs.mv.mvvs.client.catalog.manager.U2CatalogManager - [client:400203]cache file auto update thread launch in .globalvariables account
2026-05-11 03:15:09.156 [pool-3-thread-1] INFO  com.rs.mv.mvvs.client.catalog.from.config.DirsConfigReader - [client:400206]parse dir config information
2026-05-11 03:15:09.156 [pool-3-thread-1] INFO  com.rs.mv.mvvs.client.catalog.from.config.MappingConfigReader - [client:400207]parse mapping config information
2026-05-11 03:15:09.158 [pool-3-thread-1] INFO  com.rs.mv.mvvs.client.catalog.manager.U2CatalogManager - [client:400202]start a schedule task to get global/local catalog for .globalvariables, its period 5s 
2026-05-11 03:15:09.158 [pool-3-thread-1] INFO  com.rs.mv.mvvs.client.catalog.manager.U2CatalogManager - [client:400203]cache file auto update thread launch in .settings account
2026-05-11 03:15:09.158 [pool-3-thread-1] INFO  com.rs.mv.mvvs.client.catalog.from.config.DirsConfigReader - [client:400206]parse dir config information
2026-05-11 03:15:09.158 [pool-3-thread-1] INFO  com.rs.mv.mvvs.client.catalog.from.config.MappingConfigReader - [client:400207]parse mapping config information
2026-05-11 03:15:09.158 [pool-3-thread-1] INFO  com.rs.mv.mvvs.client.catalog.manager.U2CatalogManager - [client:400202]start a schedule task to get global/local catalog for .settings, its period 5s 
2026-05-11 03:15:09.158 [pool-3-thread-1] INFO  com.rs.mv.mvvs.client.catalog.manager.U2CatalogManager - [client:400203]cache file auto update thread launch in oportunidad-generar-core-main account
2026-05-11 03:15:09.163 [pool-3-thread-1] INFO  com.rs.mv.mvvs.client.catalog.from.config.DirsConfigReader - [client:400206]parse dir config information
2026-05-11 03:15:09.163 [pool-3-thread-1] INFO  com.rs.mv.mvvs.client.catalog.from.config.MappingConfigReader - [client:400207]parse mapping config information
2026-05-11 03:15:09.163 [pool-3-thread-1] INFO  com.rs.mv.mvvs.client.catalog.manager.U2CatalogManager - [client:400202]start a schedule task to get global/local catalog for oportunidad-generar-core-main, its period 5s 
2026-05-11 03:15:09.165 [pool-3-thread-1] INFO  com.rs.mv.mvvs.client.catalog.manager.U2CatalogManager - [client:400203]cache file auto update thread launch in .local account
2026-05-11 03:15:09.165 [pool-3-thread-1] INFO  com.rs.mv.mvvs.client.catalog.from.config.DirsConfigReader - [client:400206]parse dir config information
2026-05-11 03:15:09.165 [pool-3-thread-1] INFO  com.rs.mv.mvvs.client.catalog.from.config.MappingConfigReader - [client:400207]parse mapping config information
2026-05-11 03:15:09.165 [pool-3-thread-1] INFO  com.rs.mv.mvvs.client.catalog.manager.U2CatalogManager - [client:400202]start a schedule task to get global/local catalog for .local, its period 5s 
2026-05-11 03:15:09.165 [pool-3-thread-1] INFO  com.rs.mv.mvvs.client.catalog.manager.U2CatalogManager - [client:400203]cache file auto update thread launch in .globalvariables account
2026-05-11 03:15:09.168 [pool-3-thread-1] INFO  com.rs.mv.mvvs.client.catalog.from.config.DirsConfigReader - [client:400206]parse dir config information
2026-05-11 03:15:09.168 [pool-3-thread-1] INFO  com.rs.mv.mvvs.client.catalog.from.config.MappingConfigReader - [client:400207]parse mapping config information
2026-05-11 03:15:09.168 [pool-3-thread-1] INFO  com.rs.mv.mvvs.client.catalog.manager.U2CatalogManager - [client:400202]start a schedule task to get global/local catalog for .globalvariables, its period 5s 
2026-05-11 03:15:09.170 [pool-3-thread-1] INFO  com.rs.mv.mvvs.client.catalog.manager.U2CatalogManager - [client:400203]cache file auto update thread launch in .settings account
2026-05-11 03:15:09.170 [pool-3-thread-1] INFO  com.rs.mv.mvvs.client.catalog.from.config.DirsConfigReader - [client:400206]parse dir config information
2026-05-11 03:15:09.170 [pool-3-thread-1] INFO  com.rs.mv.mvvs.client.catalog.from.config.MappingConfigReader - [client:400207]parse mapping config information
2026-05-11 03:15:09.172 [pool-3-thread-1] INFO  com.rs.mv.mvvs.client.catalog.manager.U2CatalogManager - [client:400202]start a schedule task to get global/local catalog for .settings, its period 5s 
2026-05-11 03:15:09.172 [pool-3-thread-1] INFO  com.rs.mv.mvvs.client.catalog.manager.U2CatalogManager - [client:400203]cache file auto update thread launch in data account
2026-05-11 03:15:09.174 [pool-3-thread-1] INFO  com.rs.mv.mvvs.client.catalog.from.config.DirsConfigReader - [client:400206]parse dir config information
2026-05-11 03:15:09.174 [pool-3-thread-1] INFO  com.rs.mv.mvvs.client.catalog.from.config.MappingConfigReader - [client:400207]parse mapping config information
2026-05-11 03:15:09.174 [pool-3-thread-1] INFO  com.rs.mv.mvvs.client.catalog.manager.U2CatalogManager - [client:400202]start a schedule task to get global/local catalog for data, its period 5s 
2026-05-11 03:15:09.174 [pool-3-thread-1] INFO  com.rs.mv.mvvs.client.catalog.manager.U2CatalogManager - [client:400203]cache file auto update thread launch in referencia-resultado-gpt-pro account
2026-05-11 03:15:09.176 [pool-3-thread-1] INFO  com.rs.mv.mvvs.client.catalog.from.config.DirsConfigReader - [client:400206]parse dir config information
2026-05-11 03:15:09.176 [pool-3-thread-1] INFO  com.rs.mv.mvvs.client.catalog.from.config.MappingConfigReader - [client:400207]parse mapping config information
2026-05-11 03:15:09.176 [pool-3-thread-1] INFO  com.rs.mv.mvvs.client.catalog.manager.U2CatalogManager - [client:400202]start a schedule task to get global/local catalog for referencia-resultado-gpt-pro, its period 5s 
2026-05-11 03:15:09.176 [pool-3-thread-1] INFO  com.rs.mv.mvvs.client.catalog.manager.U2CatalogManager - [client:400203]cache file auto update thread launch in oportunidad-generar-core-main account
2026-05-11 03:15:09.178 [pool-3-thread-1] INFO  com.rs.mv.mvvs.client.catalog.from.config.DirsConfigReader - [client:400206]parse dir config information
2026-05-11 03:15:09.178 [pool-3-thread-1] INFO  com.rs.mv.mvvs.client.catalog.from.config.MappingConfigReader - [client:400207]parse mapping config information
2026-05-11 03:15:09.178 [pool-3-thread-1] INFO  com.rs.mv.mvvs.client.catalog.manager.U2CatalogManager - [client:400202]start a schedule task to get global/local catalog for oportunidad-generar-core-main, its period 5s 
2026-05-11 03:15:09.178 [pool-3-thread-1] INFO  com.rs.mv.mvvs.client.catalog.manager.U2CatalogManager - [client:400203]cache file auto update thread launch in data account
2026-05-11 03:15:09.178 [pool-3-thread-1] INFO  com.rs.mv.mvvs.client.catalog.from.config.DirsConfigReader - [client:400206]parse dir config information
2026-05-11 03:15:09.178 [pool-3-thread-1] INFO  com.rs.mv.mvvs.client.catalog.from.config.MappingConfigReader - [client:400207]parse mapping config information
2026-05-11 03:15:09.178 [pool-3-thread-1] INFO  com.rs.mv.mvvs.client.catalog.manager.U2CatalogManager - [client:400202]start a schedule task to get global/local catalog for data, its period 5s 
2026-05-11 03:15:09.193 [pool-3-thread-1] INFO  com.rs.mv.mvvs.client.account.handler.ServerAccountHandler - [client:40010104]load server account: Account{name=.globalvariables, path=C:/Users/aortega/Documents/UiPath/oportunidad-generar-core-v3/oportunidad-generar-core-main/.local/.globalvariables, type=PREDICT}
Account{name=.local, path=C:/Users/aortega/Documents/UiPath/oportunidad-generar-core-v3/oportunidad-generar-core-main/.local, type=PREDICT}
Account{name=data, path=C:/Users/aortega/Documents/UiPath/oportunidad-generar-core-v3/oportunidad-generar-core-main/data, type=PREDICT}
Account{name=oportunidad-generar-core-v3, path=C:/Users/aortega/Documents/UiPath/oportunidad-generar-core-v3, type=PREDICT}
Account{name=oportunidad-generar-core-main, path=C:/Users/aortega/Documents/UiPath/oportunidad-generar-core-v3/oportunidad-generar-core-main, type=PREDICT}
Account{name=.local, path=C:/Users/aortega/Documents/UiPath/oportunidad-generar-core-v3/.local, type=PREDICT}
Account{name=.settings, path=C:/Users/aortega/Documents/UiPath/oportunidad-generar-core-v3/oportunidad-generar-core-main/.settings, type=PREDICT}
Account{name=.settings, path=C:/Users/aortega/Documents/UiPath/oportunidad-generar-core-v3/.settings, type=PREDICT}
Account{name=referencia-resultado-gpt-pro, path=C:/Users/aortega/Documents/UiPath/oportunidad-generar-core-v3/referencia-resultado-gpt-pro, type=PREDICT}
Account{name=oportunidad-generar-core-main, path=C:/Users/aortega/Documents/UiPath/oportunidad-generar-core-v3/referencia-resultado-gpt-pro/oportunidad-generar-core-main, type=PREDICT}
Account{name=.globalvariables, path=C:/Users/aortega/Documents/UiPath/oportunidad-generar-core-v3/.local/.globalvariables, type=PREDICT}
Account{name=data, path=C:/Users/aortega/Documents/UiPath/oportunidad-generar-core-v3/referencia-resultado-gpt-pro/oportunidad-generar-core-main/data, type=PREDICT}
Account{name=.codedworkflows, path=C:/Users/aortega/Documents/UiPath/oportunidad-generar-core-v3/.local/.codedworkflows, type=PREDICT}
2026-05-11 03:15:09.195 [pool-3-thread-1] INFO  com.rs.mv.mvvs.client.account.AccountManager - [client:40010105]load account manager finish
2026-05-11 03:15:09.195 [pool-3-thread-1] INFO  com.rs.mv.mvvs.instance.userspace.UserspaceManager - [framework:30010402]config file(C:\Users\aortega/.rmv/config) watcher launch successful
